[debug] [2026-02-24T09:37:49.878Z] ----------------------------------------------------------------------
[debug] [2026-02-24T09:37:49.880Z] Command:       C:\Program Files\nodejs\node.exe C:\Users\rajsr\AppData\Local\npm-cache\_npx\7750544ccf494d8b\node_modules\firebase-tools\lib\bin\firebase.js deploy --only hosting --debug
[debug] [2026-02-24T09:37:49.881Z] CLI Version:   15.7.0
[debug] [2026-02-24T09:37:49.881Z] Platform:      win32
[debug] [2026-02-24T09:37:49.881Z] Node Version:  v24.13.1
[debug] [2026-02-24T09:37:49.881Z] Time:          Tue Feb 24 2026 15:07:49 GMT+0530 (India Standard Time)
[debug] [2026-02-24T09:37:49.881Z] ----------------------------------------------------------------------
[debug] 
[debug] [2026-02-24T09:37:52.365Z] > command requires scopes: ["email","openid","https://www.googleapis.com/auth/cloudplatformprojects.readonly","https://www.googleapis.com/auth/firebase","https://www.googleapis.com/auth/cloud-platform"]
[debug] [2026-02-24T09:37:52.366Z] > authorizing via signed-in user (srihanrajg@gmail.com)
[debug] [2026-02-24T09:37:52.366Z] [iam] checking project visit-aeb1b for permissions ["firebase.projects.get","firebasehosting.sites.update"]
[debug] [2026-02-24T09:37:52.367Z] Checked if tokens are valid: true, expires at: 1771928385648
[debug] [2026-02-24T09:37:52.371Z] Checked if tokens are valid: true, expires at: 1771928385648
[debug] [2026-02-24T09:37:52.372Z] >>> [apiv2][query] POST https://cloudresourcemanager.googleapis.com/v1/projects/visit-aeb1b:testIamPermissions [none]
[debug] [2026-02-24T09:37:52.372Z] >>> [apiv2][(partial)header] POST https://cloudresourcemanager.googleapis.com/v1/projects/visit-aeb1b:testIamPermissions  x-goog-user-project=visit-aeb1b
[debug] [2026-02-24T09:37:52.372Z] >>> [apiv2][body] POST https://cloudresourcemanager.googleapis.com/v1/projects/visit-aeb1b:testIamPermissions {"permissions":["firebase.projects.get","firebasehosting.sites.update"]}
[debug] [2026-02-24T09:37:52.740Z] <<< [apiv2][status] POST https://cloudresourcemanager.googleapis.com/v1/projects/visit-aeb1b:testIamPermissions 200
[debug] [2026-02-24T09:37:52.740Z] <<< [apiv2][body] POST https://cloudresourcemanager.googleapis.com/v1/projects/visit-aeb1b:testIamPermissions {"permissions":["firebase.projects.get","firebasehosting.sites.update"]}
[debug] [2026-02-24T09:37:52.741Z] Checked if tokens are valid: true, expires at: 1771928385648
[debug] [2026-02-24T09:37:52.741Z] Checked if tokens are valid: true, expires at: 1771928385648
[debug] [2026-02-24T09:37:52.741Z] >>> [apiv2][query] GET https://firebase.googleapis.com/v1beta1/projects/visit-aeb1b [none]
[debug] [2026-02-24T09:37:53.161Z] <<< [apiv2][status] GET https://firebase.googleapis.com/v1beta1/projects/visit-aeb1b 200
[debug] [2026-02-24T09:37:53.161Z] <<< [apiv2][body] GET https://firebase.googleapis.com/v1beta1/projects/visit-aeb1b {"projectId":"visit-aeb1b","projectNumber":"473870007039","displayName":"Visit","name":"projects/visit-aeb1b","resources":{"hostingSite":"visit-aeb1b"},"state":"ACTIVE","etag":"1_f3cfe4ed-df29-444b-9fe9-1c1e008f84ff"}
[error] 
[error] Error: Cannot deploy a web framework from source because the experiment webframeworks is not enabled. To enable webframeworks run firebase experiments:enable webframeworks
